com\portfolio\jms\Repository\IEducationRepository.class
com\portfolio\jms\Security\Service\UserDetailsImplements.class
com\portfolio\jms\Repository\IPersonaRepository.class
com\portfolio\jms\Security\Repository\iUsuarioRepository.class
com\portfolio\jms\Service\ImpExperienceService.class
com\portfolio\jms\Dto\dtoExperience.class
com\portfolio\jms\Security\jwt\JwtProvider.class
com\portfolio\jms\Dto\dtoEducation.class
com\portfolio\jms\Security\jwt\JwtTokenFilter.class
com\portfolio\jms\Interface\IPersonaService.class
com\portfolio\jms\Security\Dto\NuevoUsuario.class
com\portfolio\jms\Security\Service\RolService.class
com\portfolio\jms\Controller\PersonaController.class
com\portfolio\jms\Entity\Experience.class
com\portfolio\jms\JmsApplication.class
com\portfolio\jms\Security\Enums\RolNombre.class
com\portfolio\jms\Service\ImpPersonaService.class
com\portfolio\jms\Security\Entity\Rol.class
com\portfolio\jms\Security\Dto\JwtDto.class
com\portfolio\jms\Security\jwt\JwtEntryPoint.class
com\portfolio\jms\Dto\dtoSkills.class
com\portfolio\jms\Security\Entity\Usuario.class
com\portfolio\jms\Entity\Persona.class
com\portfolio\jms\Security\Service\UsuarioService.class
com\portfolio\jms\Repository\ISkillsRepository.class
com\portfolio\jms\Controller\ExperienceController.class
com\portfolio\jms\Entity\Education.class
com\portfolio\jms\Security\Controller\Mensaje.class
com\portfolio\jms\Security\Repository\IRolRepository.class
com\portfolio\jms\Security\Controller\AuthController.class
com\portfolio\jms\Entity\Skills.class
com\portfolio\jms\Repository\IExperienceRepository.class
com\portfolio\jms\Security\MainSecurity.class
com\portfolio\jms\Service\ImpEducationService.class
com\portfolio\jms\Security\Dto\LoginUsuario.class
com\portfolio\jms\Service\ImpSkillsService.class
com\portfolio\jms\Security\Entity\UsuarioPrincipal.class
com\portfolio\jms\Controller\SkillsController.class
com\portfolio\jms\Controller\EducationController.class
